CONTAINER ID  IMAGE                             COMMAND               CREATED             STATUS                       PORTS                   NAMES
3fd471b582ed  docker.io/library/redis:7-alpine  redis-server --ap...  2 minutes ago       Up About a minute (healthy)  0.0.0.0:6379->6379/tcp  apu_redis
dc934e88ca8e  localhost/apu-core:latest         gunicorn --worker...  About a minute ago  Up 29 seconds (starting)     0.0.0.0:5002->5002/tcp  apu_core
03ad47801334  localhost/apu-agent:latest                              About a minute ago  Up Less than a second                                apu_agent
(base) gerardo@gerardo-Satellite-C845:~/Documentos/GitHub/apu_filter$ podman port apu_core
5002/tcp -> 0.0.0.0:5002
(base) gerardo@gerardo-Satellite-C845:~/Documentos/GitHub/apu_filter$ podman logs apu_core
[2025-12-03 02:22:01 +0000] [1] [INFO] Starting gunicorn 23.0.0
[2025-12-03 02:22:01 +0000] [1] [INFO] Listening at: http://0.0.0.0:5002 (1)
[2025-12-03 02:22:01 +0000] [1] [INFO] Using worker: sync
[2025-12-03 02:22:01 +0000] [5] [INFO] Booting worker with pid: 5
[2025-12-03 02:22:01 +0000] [6] [INFO] Booting worker with pid: 6
[2025-12-03 02:22:01 +0000] [8] [INFO] Booting worker with pid: 8
[2025-12-03 02:22:01 +0000] [9] [INFO] Booting worker with pid: 9
2025-12-03 02:23:19,727 - root - WARNING - ⚠️ chardet no disponible. Instalar con: pip install chardet
2025-12-03 02:23:19,738 - root - WARNING - ⚠️ chardet no disponible. Instalar con: pip install chardet
2025-12-03 02:23:19,840 - root - WARNING - ⚠️ chardet no disponible. Instalar con: pip install chardet
2025-12-03 02:23:19,847 - root - WARNING - ⚠️ chardet no disponible. Instalar con: pip install chardet
2025-12-03 02:23:19,845 - root - WARNING - ⚠️ chardet no disponible. Instalar con: pip install chardet
2025-12-03 02:23:19,947 - root - WARNING - ⚠️ chardet no disponible. Instalar con: pip install chardet
2025-12-03 02:23:19,967 - root - WARNING - ⚠️ chardet no disponible. Instalar con: pip install chardet
2025-12-03 02:23:19,986 - root - WARNING - ⚠️ chardet no disponible. Instalar con: pip install chardet
2025-12-03 02:23:20,016 - root - WARNING - ⚠️ chardet no disponible. Instalar con: pip install chardet
2025-12-03 02:23:20,034 - root - WARNING - ⚠️ chardet no disponible. Instalar con: pip install chardet
[2025-12-03 02:23:20 +0000] [6] [ERROR] Exception in worker process
Traceback (most recent call last):
  File "/usr/local/lib/python3.10/site-packages/gunicorn/arbiter.py", line 608, in spawn_worker
    worker.init_process()
  File "/usr/local/lib/python3.10/site-packages/gunicorn/workers/base.py", line 135, in init_process
    self.load_wsgi()
  File "/usr/local/lib/python3.10/site-packages/gunicorn/workers/base.py", line 147, in load_wsgi
    self.wsgi = self.app.wsgi()
  File "/usr/local/lib/python3.10/site-packages/gunicorn/app/base.py", line 66, in wsgi
    self.callable = self.load()
  File "/usr/local/lib/python3.10/site-packages/gunicorn/app/wsgiapp.py", line 57, in load
    return self.load_wsgiapp()
  File "/usr/local/lib/python3.10/site-packages/gunicorn/app/wsgiapp.py", line 47, in load_wsgiapp
    return util.import_app(self.app_uri)
  File "/usr/local/lib/python3.10/site-packages/gunicorn/util.py", line 370, in import_app
    mod = importlib.import_module(module)
  File "/usr/local/lib/python3.10/importlib/__init__.py", line 126, in import_module
    return _bootstrap._gcd_import(name[level:], package, level)
  File "<frozen importlib._bootstrap>", line 1050, in _gcd_import
  File "<frozen importlib._bootstrap>", line 1027, in _find_and_load
  File "<frozen importlib._bootstrap>", line 1006, in _find_and_load_unlocked
  File "<frozen importlib._bootstrap>", line 688, in _load_unlocked
  File "<frozen importlib._bootstrap_external>", line 883, in exec_module
  File "<frozen importlib._bootstrap>", line 241, in _call_with_frames_removed
  File "/app/wsgi.py", line 8, in <module>
    app = create_app(config_name)
  File "/app/app/app.py", line 1037, in create_app
    raise ValueError("SECRET_KEY es obligatoria en producción")
ValueError: SECRET_KEY es obligatoria en producción
[2025-12-03 02:23:20 +0000] [6] [INFO] Worker exiting (pid: 6)
2025-12-03 02:23:20,077 - root - WARNING - ⚠️ chardet no disponible. Instalar con: pip install chardet
[2025-12-03 02:23:20 +0000] [5] [ERROR] Exception in worker process
Traceback (most recent call last):
  File "/usr/local/lib/python3.10/site-packages/gunicorn/arbiter.py", line 608, in spawn_worker
    worker.init_process()
  File "/usr/local/lib/python3.10/site-packages/gunicorn/workers/base.py", line 135, in init_process
    self.load_wsgi()
  File "/usr/local/lib/python3.10/site-packages/gunicorn/workers/base.py", line 147, in load_wsgi
    self.wsgi = self.app.wsgi()
  File "/usr/local/lib/python3.10/site-packages/gunicorn/app/base.py", line 66, in wsgi
    self.callable = self.load()
  File "/usr/local/lib/python3.10/site-packages/gunicorn/app/wsgiapp.py", line 57, in load
    return self.load_wsgiapp()
  File "/usr/local/lib/python3.10/site-packages/gunicorn/app/wsgiapp.py", line 47, in load_wsgiapp
    return util.import_app(self.app_uri)
  File "/usr/local/lib/python3.10/site-packages/gunicorn/util.py", line 370, in import_app
    mod = importlib.import_module(module)
  File "/usr/local/lib/python3.10/importlib/__init__.py", line 126, in import_module
    return _bootstrap._gcd_import(name[level:], package, level)
  File "<frozen importlib._bootstrap>", line 1050, in _gcd_import
  File "<frozen importlib._bootstrap>", line 1027, in _find_and_load
  File "<frozen importlib._bootstrap>", line 1006, in _find_and_load_unlocked
  File "<frozen importlib._bootstrap>", line 688, in _load_unlocked
  File "<frozen importlib._bootstrap_external>", line 883, in exec_module
  File "<frozen importlib._bootstrap>", line 241, in _call_with_frames_removed
  File "/app/wsgi.py", line 8, in <module>
    app = create_app(config_name)
  File "/app/app/app.py", line 1037, in create_app
    raise ValueError("SECRET_KEY es obligatoria en producción")
ValueError: SECRET_KEY es obligatoria en producción
[2025-12-03 02:23:20 +0000] [5] [INFO] Worker exiting (pid: 5)
[2025-12-03 02:23:20 +0000] [8] [ERROR] Exception in worker process
Traceback (most recent call last):
  File "/usr/local/lib/python3.10/site-packages/gunicorn/arbiter.py", line 608, in spawn_worker
    worker.init_process()
  File "/usr/local/lib/python3.10/site-packages/gunicorn/workers/base.py", line 135, in init_process
    self.load_wsgi()
  File "/usr/local/lib/python3.10/site-packages/gunicorn/workers/base.py", line 147, in load_wsgi
    self.wsgi = self.app.wsgi()
  File "/usr/local/lib/python3.10/site-packages/gunicorn/app/base.py", line 66, in wsgi
    self.callable = self.load()
  File "/usr/local/lib/python3.10/site-packages/gunicorn/app/wsgiapp.py", line 57, in load
    return self.load_wsgiapp()
  File "/usr/local/lib/python3.10/site-packages/gunicorn/app/wsgiapp.py", line 47, in load_wsgiapp
    return util.import_app(self.app_uri)
  File "/usr/local/lib/python3.10/site-packages/gunicorn/util.py", line 370, in import_app
    mod = importlib.import_module(module)
  File "/usr/local/lib/python3.10/importlib/__init__.py", line 126, in import_module
    return _bootstrap._gcd_import(name[level:], package, level)
  File "<frozen importlib._bootstrap>", line 1050, in _gcd_import
  File "<frozen importlib._bootstrap>", line 1027, in _find_and_load
  File "<frozen importlib._bootstrap>", line 1006, in _find_and_load_unlocked
  File "<frozen importlib._bootstrap>", line 688, in _load_unlocked
  File "<frozen importlib._bootstrap_external>", line 883, in exec_module
  File "<frozen importlib._bootstrap>", line 241, in _call_with_frames_removed
  File "/app/wsgi.py", line 8, in <module>
    app = create_app(config_name)
  File "/app/app/app.py", line 1037, in create_app
    raise ValueError("SECRET_KEY es obligatoria en producción")
ValueError: SECRET_KEY es obligatoria en producción
[2025-12-03 02:23:20 +0000] [8] [INFO] Worker exiting (pid: 8)
2025-12-03 02:23:20,150 - root - WARNING - ⚠️ chardet no disponible. Instalar con: pip install chardet
[2025-12-03 02:23:20 +0000] [9] [ERROR] Exception in worker process
Traceback (most recent call last):
  File "/usr/local/lib/python3.10/site-packages/gunicorn/arbiter.py", line 608, in spawn_worker
    worker.init_process()
  File "/usr/local/lib/python3.10/site-packages/gunicorn/workers/base.py", line 135, in init_process
    self.load_wsgi()
  File "/usr/local/lib/python3.10/site-packages/gunicorn/workers/base.py", line 147, in load_wsgi
    self.wsgi = self.app.wsgi()
  File "/usr/local/lib/python3.10/site-packages/gunicorn/app/base.py", line 66, in wsgi
    self.callable = self.load()
  File "/usr/local/lib/python3.10/site-packages/gunicorn/app/wsgiapp.py", line 57, in load
    return self.load_wsgiapp()
  File "/usr/local/lib/python3.10/site-packages/gunicorn/app/wsgiapp.py", line 47, in load_wsgiapp
    return util.import_app(self.app_uri)
  File "/usr/local/lib/python3.10/site-packages/gunicorn/util.py", line 370, in import_app
    mod = importlib.import_module(module)
  File "/usr/local/lib/python3.10/importlib/__init__.py", line 126, in import_module
    return _bootstrap._gcd_import(name[level:], package, level)
  File "<frozen importlib._bootstrap>", line 1050, in _gcd_import
  File "<frozen importlib._bootstrap>", line 1027, in _find_and_load
  File "<frozen importlib._bootstrap>", line 1006, in _find_and_load_unlocked
  File "<frozen importlib._bootstrap>", line 688, in _load_unlocked
  File "<frozen importlib._bootstrap_external>", line 883, in exec_module
  File "<frozen importlib._bootstrap>", line 241, in _call_with_frames_removed
  File "/app/wsgi.py", line 8, in <module>
    app = create_app(config_name)
  File "/app/app/app.py", line 1037, in create_app
    raise ValueError("SECRET_KEY es obligatoria en producción")
ValueError: SECRET_KEY es obligatoria en producción
[2025-12-03 02:23:20 +0000] [9] [INFO] Worker exiting (pid: 9)
[2025-12-03 02:23:26 +0000] [1] [ERROR] Worker (pid:5) exited with code 3
[2025-12-03 02:23:26 +0000] [1] [ERROR] Worker (pid:8) exited with code 3
Traceback (most recent call last):
  File "/usr/local/lib/python3.10/site-packages/gunicorn/arbiter.py", line 208, in run
    self.sleep()
  File "/usr/local/lib/python3.10/site-packages/gunicorn/arbiter.py", line 359, in sleep
    ready = select.select([self.PIPE[0]], [], [], 1.0)
  File "/usr/local/lib/python3.10/site-packages/gunicorn/arbiter.py", line 241, in handle_chld
    self.reap_workers()
  File "/usr/local/lib/python3.10/site-packages/gunicorn/arbiter.py", line 529, in reap_workers
    raise HaltServer(reason, self.WORKER_BOOT_ERROR)
gunicorn.errors.HaltServer: <HaltServer 'Worker failed to boot.' 3>

During handling of the above exception, another exception occurred:

Traceback (most recent call last):
  File "/usr/local/bin/gunicorn", line 8, in <module>
    sys.exit(run())
  File "/usr/local/lib/python3.10/site-packages/gunicorn/app/wsgiapp.py", line 66, in run
    WSGIApplication("%(prog)s [OPTIONS] [APP_MODULE]", prog=prog).run()
  File "/usr/local/lib/python3.10/site-packages/gunicorn/app/base.py", line 235, in run
    super().run()
  File "/usr/local/lib/python3.10/site-packages/gunicorn/app/base.py", line 71, in run
    Arbiter(self).run()
  File "/usr/local/lib/python3.10/site-packages/gunicorn/arbiter.py", line 228, in run
    self.halt(reason=inst.reason, exit_status=inst.exit_status)
  File "/usr/local/lib/python3.10/site-packages/gunicorn/arbiter.py", line 341, in halt
    self.stop()
  File "/usr/local/lib/python3.10/site-packages/gunicorn/arbiter.py", line 395, in stop
    time.sleep(0.1)
  File "/usr/local/lib/python3.10/site-packages/gunicorn/arbiter.py", line 241, in handle_chld
    self.reap_workers()
  File "/usr/local/lib/python3.10/site-packages/gunicorn/arbiter.py", line 529, in reap_workers
    raise HaltServer(reason, self.WORKER_BOOT_ERROR)
gunicorn.errors.HaltServer: <HaltServer 'Worker failed to boot.' 3>
[2025-12-03 02:23:29 +0000] [1] [INFO] Starting gunicorn 23.0.0
[2025-12-03 02:23:29 +0000] [1] [INFO] Listening at: http://0.0.0.0:5002 (1)
[2025-12-03 02:23:29 +0000] [1] [INFO] Using worker: sync
[2025-12-03 02:23:29 +0000] [5] [INFO] Booting worker with pid: 5
[2025-12-03 02:23:29 +0000] [6] [INFO] Booting worker with pid: 6
[2025-12-03 02:23:29 +0000] [7] [INFO] Booting worker with pid: 7
[2025-12-03 02:23:29 +0000] [8] [INFO] Booting worker with pid: 8
