23:50:50 - INFO - Iniciando aplicaci√≥n en modo: default
23:50:50 - INFO - Iniciando aplicaci√≥n en modo: default
23:50:51 - INFO - Configuraci√≥n cargada exitosamente desde config.json
23:50:51 - INFO - Configuraci√≥n cargada exitosamente desde config.json
23:50:51 - INFO - APUPresenter inicializado correctamente
23:50:51 - INFO - APUPresenter inicializado correctamente
23:50:51 - INFO - Iniciando carga de artefactos de b√∫squeda sem√°ntica...
23:50:51 - INFO - Iniciando carga de artefactos de b√∫squeda sem√°ntica...
23:50:51 - WARNING - No se encontraron todos los archivos de embeddings. La b√∫squeda sem√°ntica estar√° desactivada. Ejecute 'scripts/generate_embeddings.py' para generarlos.
23:50:51 - WARNING - No se encontraron todos los archivos de embeddings. La b√∫squeda sem√°ntica estar√° desactivada. Ejecute 'scripts/generate_embeddings.py' para generarlos.
 * Debug mode: off
23:50:51 - INFO - WARNING: This is a development server. Do not use it in a production deployment. Use a production WSGI server instead.
 * Running on http://127.0.0.1:5002
23:50:51 - INFO - Press CTRL+C to quit
23:51:00 - INFO - 127.0.0.1 - - [18/Nov/2025 23:51:00] "GET / HTTP/1.1" 200 -
23:51:43 - INFO - Procesando archivos para sesi√≥n 3xHJ_QYI...
23:51:43 - INFO - Procesando archivos para sesi√≥n 3xHJ_QYI...
23:51:43 - INFO - ================================================================================
23:51:43 - INFO - üöÄ Iniciando procesamiento de archivos con patr√≥n pipeline...
23:51:43 - INFO - ================================================================================
23:51:43 - INFO - üîÑ Ejecutando pipeline de procesamiento...
23:51:43 - INFO - üì• Cargando presupuesto con perfil: {'header': 0, 'sep': ';', 'encoding': 'UTF-8-SIG'}
23:51:43 - INFO - Cargando datos desde /Users/gerardomayor/Documents/estru_techos/apu_filter/uploads/3xHJ_QYIcZZsamjm4CzmjjXfRrLPLeYyrFlma1bzsJg/presupuesto_clean.csv (formato: .csv)
23:51:43 - INFO - Cargando CSV desde /Users/gerardomayor/Documents/estru_techos/apu_filter/uploads/3xHJ_QYIcZZsamjm4CzmjjXfRrLPLeYyrFlma1bzsJg/presupuesto_clean.csv con delimitador ';' y codificaci√≥n 'UTF-8-SIG'
23:51:43 - INFO - üìä DataFrame inicial: 436 filas, 6 columnas
23:51:43 - INFO - üßπ  Limpieza de filas fantasma: 436 ‚Üí 435 filas (-1 eliminadas)
23:51:43 - INFO - üßπ Limpieza de filas fantasma: 436 ‚Üí 435 filas
23:51:43 - INFO - ‚úÖ Columnas renombradas: ['CODIGO_APU', 'DESCRIPCION_APU', 'UND', 'CANTIDAD_PRESUPUESTO', ' VR. UNIT ', ' VR.TOTAL']
23:51:43 - INFO - üîß Iniciando limpieza de 435 registros...
23:51:43 - WARNING - C√≥digo APU sin n√∫meros (inusual): 'nan' -> 'NAN'
23:51:43 - WARNING - ‚ö†Ô∏è  94 registros con cantidad = 0
23:51:43 - INFO - ‚úÖ Limpieza completada: 435 registros v√°lidos (0 eliminados, 100.0% conservado)
23:51:43 - WARNING - ‚ö†Ô∏è  Se encontraron 339 filas duplicadas en 'presupuesto' por ['CODIGO_APU']. Se conservar√°: 'first'
23:51:43 - INFO - ‚úÖ Duplicados eliminados: 435 -> 105 filas
23:51:43 - INFO - üîÑ Duplicados eliminados: 330 (105 √∫nicos de 435 totales)
23:51:43 - INFO - ‚úÖ Presupuesto cargado: 105 APUs √∫nicos
23:51:43 - WARNING - ‚ö†Ô∏è  Se encontraron 54 insumos con descripciones normalizadas duplicadas. Se conservar√° el de mayor precio.
23:51:43 - INFO - ‚úÖ Insumos cargados: 115 insumos √∫nicos
23:51:43 - INFO - ‚ö°Ô∏è Iniciando DataFluxCondenser para procesar APUs...
23:51:43 - WARNING - Claves faltantes en config (modo tolerante): {'parser_settings', 'processor_settings'}
23:51:43 - WARNING - Claves faltantes en profile (modo tolerante): {'validation_rules', 'columns_mapping'}
23:51:44 - INFO - DataFluxCondenser inicializado correctamente
23:51:44 - INFO - [INICIO] Ciclo de estabilizaci√≥n para: /Users/gerardomayor/Documents/estru_techos/apu_filter/uploads/3xHJ_QYIcZZsamjm4CzmjjXfRrLPLeYyrFlma1bzsJg/apus_clean.csv
23:51:44 - INFO - ‚úì Parser Lark inicializado correctamente para pre-validaci√≥n
23:51:44 - INFO - Iniciando parseo l√≠nea por l√≠nea de: apus_clean.csv
23:51:44 - INFO - Archivo le√≠do exitosamente con codificaci√≥n: utf-8
23:51:44 - INFO - Iniciando parsing de 3027 l√≠neas con validaci√≥n Lark
23:51:44 - INFO - ‚úì APU detectado [l√≠nea 1]: 1.1 - REMATE CON PINTURA DE FABRICA CAL 22 DE 120 CMTS C
23:51:44 - INFO - ‚úì APU detectado [l√≠nea 19]: 1.2 - REMATE CON PINTURA DE FABRICA CAL 22 DE 100 CMTS C
23:51:44 - INFO - ‚úì APU detectado [l√≠nea 37]: 1.3 - REMATE CON PINTURA DE FABRICA CAL 22 DE 80 CMTS CU
23:51:44 - INFO - ‚úì APU detectado [l√≠nea 55]: 1.4 - REMATE CON PINTURA DE FABRICA CAL 22 DE 60 CMTS CU
23:51:44 - INFO - ‚úì APU detectado [l√≠nea 73]: 1.5 - REMATE CON PINTURA DE FABRICA CAL 22 DE 40 CMTS CU
23:51:44 - INFO - ‚úì APU detectado [l√≠nea 91]: 1.6 - REMATE CON PINTURA DE FABRICA CAL 22 DE 30 CMTS CU
23:51:44 - INFO - ‚úì APU detectado [l√≠nea 109]: 1.7 - REMATE CON PINTURA DE FABRICA CAL 22 DE 20 CMTS CU
23:51:44 - INFO - ‚úì APU detectado [l√≠nea 127]: 2.1 - REMATE CON PINTURA DE FABRICA CAL 24 DE 120 CMTS C
23:51:44 - INFO - ‚úì APU detectado [l√≠nea 145]: 2.2 - REMATE CON PINTURA DE FABRICA CAL 24 DE 100 CMTS C
23:51:44 - INFO - ‚úì APU detectado [l√≠nea 163]: 2.3 - REMATE CON PINTURA DE FABRICA CAL 24 DE 80 CMTS CU
23:51:44 - INFO - ‚úì APU detectado [l√≠nea 181]: 2.4 - REMATE CON PINTURA DE FABRICA CAL 24 DE 60 CMTS CU
23:51:44 - INFO - ‚úì APU detectado [l√≠nea 199]: 2.5 - REMATE CON PINTURA DE FABRICA CAL 24 DE 40 CMTS CU
23:51:44 - INFO - ‚úì APU detectado [l√≠nea 217]: 2.6 - REMATE CON PINTURA DE FABRICA CAL 24 DE 30 CMTS CU
23:51:44 - INFO - ‚úì APU detectado [l√≠nea 235]: 2.7 - REMATE CON PINTURA DE FABRICA CAL 24 DE 20 CMTS CU
23:51:44 - INFO - ‚úì APU detectado [l√≠nea 253]: UNKNOWN_APU_253 - REMATE CON PINTURA DE FABRICA CAL 24 DE 20 CMTS CU
23:51:44 - INFO - ‚úì APU detectado [l√≠nea 271]: 3.1 - REMATE CON PINTURA DE FABRICA CAL 24 DE 80 CMTS CU
23:51:44 - INFO - ‚úì APU detectado [l√≠nea 289]: 3.2 - REMATE CON PINTURA DE FABRICA CAL 24 DE 60 CMTS CU
23:51:44 - INFO - ‚úì APU detectado [l√≠nea 307]: 3.3 - REMATE CON PINTURA DE FABRICA CAL 24 DE 40 CMTS CU
23:51:44 - INFO - ‚úì APU detectado [l√≠nea 325]: 3.4 - REMATE CON PINTURA DE FABRICA CAL 24 DE 30 CMTS CU
23:51:44 - INFO - ‚úì APU detectado [l√≠nea 343]: 3.5 - REMATE CON PINTURA DE FABRICA CAL 24 DE 20 CMTS CU
23:51:44 - INFO - ‚úì APU detectado [l√≠nea 361]: 4.1 - REMATE CON PINTURA DE FABRICA CAL 26 DE 80 CMTS CU
23:51:44 - INFO - ‚úì APU detectado [l√≠nea 379]: 4.2 - REMATE CON PINTURA DE FABRICA CAL 26 DE 60 CMTS CU
23:51:44 - INFO - ‚úì APU detectado [l√≠nea 397]: 4.3 - REMATE CON PINTURA DE FABRICA CAL 26 DE 40 CMTS CU
23:51:44 - INFO - ‚úì APU detectado [l√≠nea 415]: 4.4 - REMATE CON PINTURA DE FABRICA CAL 26 DE 30 CMTS CU
23:51:44 - INFO - ‚úì APU detectado [l√≠nea 433]: 4.5 - REMATE CON PINTURA DE FABRICA CAL 26 DE 20 CMTS CU
23:51:44 - INFO - ‚úì APU detectado [l√≠nea 451]: 5.1 - REMATE CON PINTURA DE FABRICA CAL 22 DE 120 CMTS
23:51:44 - INFO - ‚úì APU detectado [l√≠nea 469]: 5.2 - REMATE CON PINTURA DE FABRICA CAL 22 DE 100 CMTS
23:51:44 - INFO - ‚úì APU detectado [l√≠nea 487]: 5.3 - REMATE CON PINTURA DE FABRICA CAL 22 DE 80 CMTS
23:51:44 - INFO - ‚úì APU detectado [l√≠nea 505]: 5.4 - REMATE CON PINTURA DE FABRICA CAL 22 DE 60 CMTS
23:51:44 - INFO - ‚úì APU detectado [l√≠nea 523]: 5.5 - REMATE CON PINTURA DE FABRICA CAL 22 DE 40 CMTS
23:51:44 - INFO - ‚úì APU detectado [l√≠nea 541]: 5.6 - REMATE CON PINTURA DE FABRICA CAL 22 DE 30 CMTS
23:51:44 - INFO - ‚úì APU detectado [l√≠nea 559]: 5.7 - REMATE CON PINTURA DE FABRICA CAL 22 DE 20 CMTS
23:51:44 - INFO - ‚úì APU detectado [l√≠nea 577]: 6.1 - REMATE CON PINTURA DE FABRICA CAL 24 DE 120 CMTS
23:51:44 - INFO - ‚úì APU detectado [l√≠nea 595]: 6.2 - REMATE CON PINTURA DE FABRICA CAL 24 DE 100 CMTS
23:51:44 - INFO - ‚úì APU detectado [l√≠nea 613]: 6.3 - REMATE CON PINTURA DE FABRICA CAL 24 DE 80 CMTS
23:51:44 - INFO - ‚úì APU detectado [l√≠nea 631]: 6.4 - REMATE CON PINTURA DE FABRICA CAL 24 DE 60 CMTS
23:51:44 - INFO - ‚úì APU detectado [l√≠nea 649]: 6.5 - REMATE CON PINTURA DE FABRICA CAL 24 DE 40 CMTS
23:51:44 - INFO - ‚úì APU detectado [l√≠nea 667]: 6.6 - REMATE CON PINTURA DE FABRICA CAL 24 DE 30 CMTS
23:51:44 - INFO - ‚úì APU detectado [l√≠nea 685]: 6.7 - REMATE CON PINTURA DE FABRICA CAL 24 DE 20 CMTS
23:51:44 - INFO - ‚úì APU detectado [l√≠nea 703]: 7.1 - REMATE CON PINTURA FABRICA CAL 24 DE 0.80 MTS LAMI
23:51:44 - INFO - ‚úì APU detectado [l√≠nea 721]: 7.2 - REMATE CON PINTURA DE FABRICA CAL 24 DE 60 CMTS
23:51:44 - INFO - ‚úì APU detectado [l√≠nea 739]: 7.3 - REMATE CON PINTURA DE FABRICA CAL 24 DE 40 CTS
23:51:44 - INFO - ‚úì APU detectado [l√≠nea 757]: 7.4 - REMATE CON PINTURA DE FABRICA CAL 24 DE 30 CMTS
23:51:44 - INFO - ‚úì APU detectado [l√≠nea 775]: 7.5 - REMATE CON PINTURA DE FABRICA CAL 24 DE 20 CMTS
23:51:44 - INFO - ‚úì APU detectado [l√≠nea 793]: 8.1 - REMATE CON PINTURA DE FABRICA CAL 26 DE 80 CMTS
23:51:44 - INFO - ‚úì APU detectado [l√≠nea 811]: 8.2 - REMATE CON PINTURA DE FABRICA CAL 26 DE 60 CMTS
23:51:44 - INFO - ‚úì APU detectado [l√≠nea 829]: 8.3 - REMATE CON PINTURA DE FABRICA CAL 26 DE 40 CMTS
23:51:44 - INFO - ‚úì APU detectado [l√≠nea 847]: 8.4 - REMATE CON PINTURA DE FABRICA CAL 26 DE 30 CMTS
23:51:44 - INFO - ‚úì APU detectado [l√≠nea 865]: 8.5 - REMATE CON PINTURA DE FABRICA CAL 26 DE 20 CMTS
23:51:44 - INFO - ‚úì APU detectado [l√≠nea 883]: 9.1 - INSTALACION DE CABALLETE ÔøΩ LIMATESA
23:51:44 - INFO - ‚úì APU detectado [l√≠nea 909]: 9.2 - INSTALACION DE SOLAPAS CON RANURA
23:51:44 - INFO - ‚úì APU detectado [l√≠nea 935]: 9.3 - INSTALACION DE SOLAPAS SIN RANURA
23:51:44 - INFO - ‚úì APU detectado [l√≠nea 959]: 9.4 - INSTALACION DE GOTERO
23:51:44 - INFO - ‚úì APU detectado [l√≠nea 983]: 9.5 - INSTALACION DE CONTRACABALLETE
23:51:44 - INFO - ‚úì APU detectado [l√≠nea 1007]: 9.6 - INSTALACION DE ESQUINERO
23:51:44 - INFO - ‚úì APU detectado [l√≠nea 1031]: 9.7 - INSTALACION DE LIMAHOYA
23:51:44 - INFO - ‚úì APU detectado [l√≠nea 1063]: 10.1 - INSTALACION DE CABALLETE ÔøΩ LIMATESA CURVO
23:51:44 - INFO - ‚úì APU detectado [l√≠nea 1089]: 10.2 - INSTALACION DE SOLAPAS CON RANURA CURVA
23:51:44 - INFO - ‚úì APU detectado [l√≠nea 1115]: 10.3 - INSTALACION DE SOLAPAS SIN RANURA CURVA
23:51:44 - INFO - ‚úì APU detectado [l√≠nea 1139]: 10.4 - INSTALACION DE GOTERO CURVO
23:51:44 - INFO - ‚úì APU detectado [l√≠nea 1163]: 10.5 - INSTALACION DE CONTRACABALLETE CURVO
23:51:44 - INFO - ‚úì APU detectado [l√≠nea 1187]: 10.6 - INSTALACION DE ESQUINERO CURVO
23:51:44 - INFO - ‚úì APU detectado [l√≠nea 1211]: 10.7 - INSTALACION DE LIMAHOYA CURVA
23:51:44 - INFO - ‚úì APU detectado [l√≠nea 1244]: 11.1 - CANAL - SOLO LAMINA CAL 22 DE 120 CMTS
23:51:44 - INFO - ‚úì APU detectado [l√≠nea 1262]: 11.2 - CANAL - SOLO LAMINA CAL 22 DE 100 CMTS
23:51:44 - INFO - ‚úì APU detectado [l√≠nea 1280]: 11.3 - CANAL - SOLO LAMINA CAL 22 DE 80 CMTS
23:51:44 - INFO - ‚úì APU detectado [l√≠nea 1298]: 11.4 - CANAL - SOLO LAMINA CAL 22 DE 60 CMTS
23:51:44 - INFO - ‚úì APU detectado [l√≠nea 1316]: 12.1 - CANAL - SOLO LAMINA CAL 24 DE 120 CMTS
23:51:44 - INFO - ‚úì APU detectado [l√≠nea 1334]: 12.2 - CANAL - SOLO LAMINA CAL 24 DE 100 CMTS
23:51:44 - INFO - ‚úì APU detectado [l√≠nea 1352]: 12.3 - CANAL - SOLO LAMINA CAL 24 DE 80 CMTS
23:51:44 - INFO - ‚úì APU detectado [l√≠nea 1370]: 12.4 - CANAL - SOLO LAMINA CAL 24 DE 60 CMTS
23:51:44 - INFO - ‚úì APU detectado [l√≠nea 1388]: 13.1 - CANAL EN LAMINA - MANO DE OBRA Y FORMACION
23:51:44 - INFO - ‚úì APU detectado [l√≠nea 1421]: 13.2 - CANAL EN RESINA POLIESTER - MANO DE OBRA Y FORMACI
23:51:44 - INFO - ‚úì APU detectado [l√≠nea 1447]: 14.1 - PROTECCION DE POLIURETANO CON PINTURA BRONCO
23:51:44 - INFO - ‚úì APU detectado [l√≠nea 1494]: 15.2 - INSTALACION PLATINADO CORREAS (EJEMPLO: BRAKO 1)
23:51:44 - INFO - ‚úì APU detectado [l√≠nea 1522]: 16.1 - "SUMINISTRO DE PLATINA 1/8""x1-1/2"""
23:51:44 - INFO - ‚úì APU detectado [l√≠nea 1548]: 16.2 - INSTALACION PLATINADO CORREAS (EJEMPLO: BRAKO 1)
23:51:44 - INFO - ‚úì APU detectado [l√≠nea 1576]: UNKNOWN_APU_1576 - CUADRILLA DE 2 TECHADORES 1 DIA
23:51:44 - INFO - ‚úì APU detectado [l√≠nea 1604]: UNKNOWN_APU_1604 - CUADRILLA DE 2 TECHADORES 6 DIAS
23:51:44 - INFO - ‚úì APU detectado [l√≠nea 1632]: UNKNOWN_APU_1632 - CUADRILLA DE 2 TECHADORES 1 MES
23:51:44 - INFO - ‚úì APU detectado [l√≠nea 1660]: UNKNOWN_APU_1660 - CUADRILLA DE 3 TECHADORES 1 DIA
23:51:44 - INFO - ‚úì APU detectado [l√≠nea 1688]: UNKNOWN_APU_1688 - CUADRILLA DE 3 TECHADORES 6 DIAS
23:51:44 - INFO - ‚úì APU detectado [l√≠nea 1716]: UNKNOWN_APU_1716 - CUADRILLA DE 3 TECHADORES 1 MES
23:51:44 - INFO - ‚úì APU detectado [l√≠nea 1744]: UNKNOWN_APU_1744 - CUADRILLA DE 4 TECHADORES 1 DIA
23:51:44 - INFO - ‚úì APU detectado [l√≠nea 1772]: UNKNOWN_APU_1772 - CUADRILLA DE 4 TECHADORES 6 DIAS
23:51:44 - INFO - ‚úì APU detectado [l√≠nea 1800]: UNKNOWN_APU_1800 - CUADRILLA DE 4 TECHADORES 1 MES
23:51:44 - INFO - ‚úì APU detectado [l√≠nea 1828]: UNKNOWN_APU_1828 - CUADRILLA DE 4 TECHADORES 1 DIA
23:51:44 - INFO - ‚úì APU detectado [l√≠nea 1856]: UNKNOWN_APU_1856 - LIMPIEZA DE CUBIERTA CUADRILLA DE 3
23:51:44 - INFO - ‚úì APU detectado [l√≠nea 1881]: UNKNOWN_APU_1881 - LIMPIEZA DE CUBIERTA CUADRILLA DE 4
23:51:44 - INFO - ‚úì APU detectado [l√≠nea 1897]: UNKNOWN_APU_1897 - ARMADO Y DESARMADO DE ANDAMIOS 1 CUERPO H=2.00MT
23:51:44 - INFO - ‚úì APU detectado [l√≠nea 1917]: UNKNOWN_APU_1917 - ARMADO Y DESARMADO DE ANDAMIOS 2 CUERPOS H=4.00MT
23:51:44 - INFO - ‚úì APU detectado [l√≠nea 1937]: UNKNOWN_APU_1937 - ARMADO Y DESARMADO DE ANDAMIOS 3 CUERPOS H=6.00MT
23:51:44 - INFO - ‚úì APU detectado [l√≠nea 1957]: UNKNOWN_APU_1957 - ARMADO Y DESARMADO DE ANDAMIOS 4 CUERPOS H=8.00MT
23:51:44 - INFO - ‚úì APU detectado [l√≠nea 1977]: UNKNOWN_APU_1977 - ARMADO Y DESARMADO DE ANDAMIOS 5 CUERPOS H=10.00MT
23:51:44 - INFO - ‚úì APU detectado [l√≠nea 1997]: UNKNOWN_APU_1997 - ALQUILER ANDAMIO 1 CUERPO H=2.00MT
23:51:44 - INFO - ‚úì APU detectado [l√≠nea 2012]: UNKNOWN_APU_2012 - ALQUILER ANDAMIO 2 CUERPOS H=4.00MT
23:51:44 - INFO - ‚úì APU detectado [l√≠nea 2027]: UNKNOWN_APU_2027 - ALQUILER ANDAMIO 3 CUERPOS H=6.00MT
23:51:44 - INFO - ‚úì APU detectado [l√≠nea 2042]: UNKNOWN_APU_2042 - ALQUILER ANDAMIO 4 CUERPOS H=8.00MT
23:51:44 - INFO - ‚úì APU detectado [l√≠nea 2057]: UNKNOWN_APU_2057 - ALQUILER ANDAMIO 5 CUERPOS H=10.00MT
23:51:44 - INFO - ‚úì APU detectado [l√≠nea 2072]: UNKNOWN_APU_2072 - ALQUILER ANDAMIO DE CARGA H=2.00MT
23:51:44 - INFO - ‚úì APU detectado [l√≠nea 2087]: UNKNOWN_APU_2087 - ALQUILER ANDAMIO DE CARGA H=4.00MT
23:51:44 - INFO - ‚úì APU detectado [l√≠nea 2102]: UNKNOWN_APU_2102 - ALQUILER ANDAMIO DE CARGA H=6.00MT
23:51:44 - INFO - ‚úì APU detectado [l√≠nea 2117]: UNKNOWN_APU_2117 - ALQUILER ANDAMIO DE CARGA H=8.00MT
23:51:44 - INFO - ‚úì APU detectado [l√≠nea 2132]: UNKNOWN_APU_2132 - ALQUILER ANDAMIO DE CARGA H=10.00MT
23:51:44 - INFO - ‚úì APU detectado [l√≠nea 2147]: UNKNOWN_APU_2147 - ALQUILER ANDAMIO DE CARGA H=12.00MT
23:51:44 - INFO - ‚úì APU detectado [l√≠nea 2162]: UNKNOWN_APU_2162 - RESIDENTE OCUP. 30%
23:51:44 - INFO - ‚úì APU detectado [l√≠nea 2173]: UNKNOWN_APU_2173 - RESIDENTE OCUP. 50%
23:51:44 - INFO - ‚úì APU detectado [l√≠nea 2184]: UNKNOWN_APU_2184 - RESIDENTE OCUP. 70%
23:51:44 - INFO - ‚úì APU detectado [l√≠nea 2195]: UNKNOWN_APU_2195 - RESIDENTE OCUP. 100%
23:51:44 - INFO - ‚úì APU detectado [l√≠nea 2206]: UNKNOWN_APU_2206 - MANO DE OBRA IZAJE MANUAL DE TEJA SENCILLA CUADRIL
23:51:44 - INFO - ‚úì APU detectado [l√≠nea 2226]: UNKNOWN_APU_2226 - MANO DE OBRA IZAJE MANUAL DE TEJA SENCILLA CUADRIL
23:51:44 - INFO - ‚úì APU detectado [l√≠nea 2246]: UNKNOWN_APU_2246 - MANO DE OBRA IZAJE MANUAL DE TEJA SENCILLA CUADRIL
23:51:44 - INFO - ‚úì APU detectado [l√≠nea 2266]: UNKNOWN_APU_2266 - MANO DE OBRA IZAJE MANUAL DE TEJA SENCILLA CUADRIL
23:51:44 - INFO - ‚úì APU detectado [l√≠nea 2286]: UNKNOWN_APU_2286 - MANO DE OBRA IZAJE MANUAL DE TEJA SENCILLA CUADRIL
23:51:44 - INFO - ‚úì APU detectado [l√≠nea 2306]: UNKNOWN_APU_2306 - MANO DE OBRA IZAJE MANUAL DE PANEL SANDWICH CUADRI
23:51:44 - INFO - ‚úì APU detectado [l√≠nea 2326]: UNKNOWN_APU_2326 - MANO DE OBRA IZAJE MANUAL DE PANEL SANDWICH CUADRI
23:51:44 - INFO - ‚úì APU detectado [l√≠nea 2346]: UNKNOWN_APU_2346 - MANO DE OBRA IZAJE MANUAL DE PANEL SANDWICH CUADRI
23:51:44 - INFO - ‚úì APU detectado [l√≠nea 2366]: UNKNOWN_APU_2366 - MANO DE OBRA IZAJE MANUAL DE PANEL SANDWICH CUADRI
23:51:45 - INFO - ‚úì APU detectado [l√≠nea 2386]: UNKNOWN_APU_2386 - MANO DE OBRA IZAJE MANUAL DE PANEL SANDWICH CUADRI
23:51:45 - INFO - ‚úì APU detectado [l√≠nea 2406]: UNKNOWN_APU_2406 - CANAL - SOLO LAMINA CAL 24 DE 120 CMTS
23:51:45 - INFO - ‚úì APU detectado [l√≠nea 2424]: UNKNOWN_APU_2424 - CANAL - SOLO LAMINA CAL 24 DE 100 CMTS
23:51:45 - INFO - ‚úì APU detectado [l√≠nea 2442]: UNKNOWN_APU_2442 - CANAL - SOLO LAMINA CAL 24 DE 80 CMTS
23:51:45 - INFO - ‚úì APU detectado [l√≠nea 2460]: UNKNOWN_APU_2460 - CANAL - SOLO LAMINA CAL 24 DE 60 CMTS
23:51:45 - INFO - ‚úì APU detectado [l√≠nea 2478]: UNKNOWN_APU_2478 - CANAL - MANO DE OBRA Y FORMACION
23:51:45 - INFO - ‚úì APU detectado [l√≠nea 2490]: UNKNOWN_APU_2490 - PROTECCION DE POLIURETANO CON PINTURA BRONCO
23:51:45 - INFO - ‚úì APU detectado [l√≠nea 2500]: UNKNOWN_APU_2500 - INSTALACION PLATINADO CORREAS (EJEMPLO: BRAKO 1)
23:51:45 - INFO - ‚úì APU detectado [l√≠nea 2512]: UNKNOWN_APU_2512 - INSTALACION PLATINADO CORREAS (EJEMPLO: BRAKO 1)
23:51:45 - INFO - ‚úì APU detectado [l√≠nea 2524]: UNKNOWN_APU_2524 - CUADRILLA DE 4 TECHADORES 1 DIA
23:51:45 - INFO - ‚úì APU detectado [l√≠nea 2537]: UNKNOWN_APU_2537 - ARMADO Y DESARMADO DE ANDAMIOS 1 CUERPO H=2.00MT
23:51:45 - INFO - ‚úì APU detectado [l√≠nea 2557]: UNKNOWN_APU_2557 - ARMADO Y DESARMADO DE ANDAMIOS 2 CUERPOS H=4.00MT
23:51:45 - INFO - ‚úì APU detectado [l√≠nea 2577]: UNKNOWN_APU_2577 - ARMADO Y DESARMADO DE ANDAMIOS 3 CUERPOS H=6.00MT
23:51:45 - INFO - ‚úì APU detectado [l√≠nea 2597]: UNKNOWN_APU_2597 - ARMADO Y DESARMADO DE ANDAMIOS 4 CUERPOS H=8.00MT
23:51:45 - INFO - ‚úì APU detectado [l√≠nea 2617]: UNKNOWN_APU_2617 - ARMADO Y DESARMADO DE ANDAMIOS 5 CUERPOS H=10.00MT
23:51:45 - INFO - ‚úì APU detectado [l√≠nea 2637]: UNKNOWN_APU_2637 - ALQUILER ANDAMIO 1 CUERPO H=2.00MT
23:51:45 - INFO - ‚úì APU detectado [l√≠nea 2652]: UNKNOWN_APU_2652 - ALQUILER ANDAMIO 2 CUERPOS H=4.00MT
23:51:45 - INFO - ‚úì APU detectado [l√≠nea 2667]: UNKNOWN_APU_2667 - ALQUILER ANDAMIO 3 CUERPOS H=6.00MT
23:51:45 - INFO - ‚úì APU detectado [l√≠nea 2682]: UNKNOWN_APU_2682 - ALQUILER ANDAMIO 4 CUERPOS H=8.00MT
23:51:45 - INFO - ‚úì APU detectado [l√≠nea 2697]: UNKNOWN_APU_2697 - ALQUILER ANDAMIO 5 CUERPOS H=10.00MT
23:51:45 - INFO - ‚úì APU detectado [l√≠nea 2712]: UNKNOWN_APU_2712 - ALQUILER ANDAMIO DE CARGA H=2.00MT
23:51:45 - INFO - ‚úì APU detectado [l√≠nea 2727]: UNKNOWN_APU_2727 - ALQUILER ANDAMIO DE CARGA H=4.00MT
23:51:45 - INFO - ‚úì APU detectado [l√≠nea 2742]: UNKNOWN_APU_2742 - ALQUILER ANDAMIO DE CARGA H=6.00MT
23:51:45 - INFO - ‚úì APU detectado [l√≠nea 2757]: UNKNOWN_APU_2757 - ALQUILER ANDAMIO DE CARGA H=8.00MT
23:51:45 - INFO - ‚úì APU detectado [l√≠nea 2772]: UNKNOWN_APU_2772 - ALQUILER ANDAMIO DE CARGA H=10.00MT
23:51:45 - INFO - ‚úì APU detectado [l√≠nea 2787]: UNKNOWN_APU_2787 - ALQUILER ANDAMIO DE CARGA H=12.00MT
23:51:45 - INFO - ‚úì APU detectado [l√≠nea 2802]: UNKNOWN_APU_2802 - MANO DE OBRA IZAJE CON EQUIPO DE TEJA SENCILLA CUA
23:51:45 - INFO - ‚úì APU detectado [l√≠nea 2822]: UNKNOWN_APU_2822 - MANO DE OBRA IZAJE CON EQUIPO DE TEJA SENCILLA CUA
23:51:45 - INFO - ‚úì APU detectado [l√≠nea 2842]: UNKNOWN_APU_2842 - MANO DE OBRA IZAJE CON EQUIPO DE TEJA SENCILLA CUA
23:51:45 - INFO - ‚úì APU detectado [l√≠nea 2862]: UNKNOWN_APU_2862 - MANO DE OBRA IZAJE CON EQUIPO DE TEJA SENCILLA CUA
23:51:45 - INFO - ‚úì APU detectado [l√≠nea 2882]: UNKNOWN_APU_2882 - MANO DE OBRA IZAJE CON EQUIPO DE TEJA SENCILLA CUA
23:51:45 - INFO - ‚úì APU detectado [l√≠nea 2902]: UNKNOWN_APU_2902 - MANO DE OBRA IZAJE CON EQUIPO DE PANEL SANDWICH CU
23:51:45 - INFO - ‚úì APU detectado [l√≠nea 2922]: UNKNOWN_APU_2922 - MANO DE OBRA IZAJE CON EQUIPO DE PANEL SANDWICH CU
23:51:45 - INFO - ‚úì APU detectado [l√≠nea 2942]: UNKNOWN_APU_2942 - MANO DE OBRA IZAJE CON EQUIPO DE PANEL SANDWICH CU
23:51:45 - INFO - ‚úì APU detectado [l√≠nea 2962]: UNKNOWN_APU_2962 - MANO DE OBRA IZAJE CON EQUIPO DE PANEL SANDWICH CU
23:51:45 - INFO - ‚úì APU detectado [l√≠nea 2982]: UNKNOWN_APU_2982 - MANO DE OBRA IZAJE CON EQUIPO DE PANEL SANDWICH CU
23:51:45 - INFO - ‚úì APU detectado [l√≠nea 3003]: UNKNOWN_APU_3003 - MANO DE OBRA DESMONTE DE TEJA DE ASBESTO CUADRILLA
23:51:45 - INFO - ================================================================================
23:51:45 - INFO - üìä RESUMEN DE VALIDACI√ìN CON LARK
23:51:45 - INFO - ================================================================================
23:51:45 - INFO - Total l√≠neas evaluadas: 983
23:51:45 - INFO - ‚úì Insumos v√°lidos (ambas capas): 909 (92.5%)
23:51:45 - INFO -   - Pasaron validaci√≥n b√°sica: 909
23:51:45 - INFO -   - Pasaron validaci√≥n Lark: 909
23:51:45 - INFO -   - Cache hits: 395
23:51:45 - INFO - 
23:51:45 - INFO - Rechazos por validaci√≥n b√°sica:
23:51:45 - INFO -   - Campos insuficientes/vac√≠os: 2
23:51:45 - INFO -   - Sin datos num√©ricos: 72
23:51:45 - INFO -   - Subtotales: 0
23:51:45 - INFO -   - L√≠neas decorativas: 0
23:51:45 - INFO - 
23:51:45 - INFO - Rechazos por validaci√≥n Lark:
23:51:45 - INFO -   - Parse error gen√©rico: 0
23:51:45 - INFO -   - Unexpected input: 0
23:51:45 - INFO -   - Unexpected characters: 0
23:51:45 - INFO - ================================================================================
23:51:45 - INFO - Parseo completo. Extra√≠dos 909 registros crudos.
23:51:45 - ERROR - [ERROR] Fallo en procesamiento: Error durante la rectificaci√≥n con APUProcessor: APUProcessor.__init__() got an unexpected keyword argument 'raw_records'
23:51:45 - ERROR - ‚ùå Error cr√≠tico en el pipeline: Error durante la rectificaci√≥n con APUProcessor: APUProcessor.__init__() got an unexpected keyword argument 'raw_records'
Traceback (most recent call last):
  File "/Users/gerardomayor/Documents/estru_techos/apu_filter/app/flux_condenser.py", line 324, in _rectify_signal
    processor = APUProcessor(
TypeError: APUProcessor.__init__() got an unexpected keyword argument 'raw_records'

The above exception was the direct cause of the following exception:

Traceback (most recent call last):
  File "/Users/gerardomayor/Documents/estru_techos/apu_filter/app/procesador_csv.py", line 1493, in _do_processing
    final_context = pipeline.run(initial_context)
  File "/Users/gerardomayor/Documents/estru_techos/apu_filter/app/procesador_csv.py", line 111, in run
    context = step.execute(context)
  File "/Users/gerardomayor/Documents/estru_techos/apu_filter/app/procesador_csv.py", line 303, in execute
    df_apus_raw = condenser.stabilize(apus_path)
  File "/Users/gerardomayor/Documents/estru_techos/apu_filter/app/flux_condenser.py", line 165, in stabilize
    df_stabilized = self._rectify_signal(parsed_data)
  File "/Users/gerardomayor/Documents/estru_techos/apu_filter/app/flux_condenser.py", line 345, in _rectify_signal
    raise ProcessingError(
app.flux_condenser.ProcessingError: Error durante la rectificaci√≥n con APUProcessor: APUProcessor.__init__() got an unexpected keyword argument 'raw_records'
23:51:45 - ERROR - Error de procesamiento: Error cr√≠tico en el pipeline: Error durante la rectificaci√≥n con APUProcessor: APUProcessor.__init__() got an unexpected keyword argument 'raw_records'
23:51:45 - ERROR - Error de procesamiento: Error cr√≠tico en el pipeline: Error durante la rectificaci√≥n con APUProcessor: APUProcessor.__init__() got an unexpected keyword argument 'raw_records'
23:51:45 - INFO - 127.0.0.1 - - [18/Nov/2025 23:51:45] "POST /upload HTTP/1.1" 500 -